Copyright 1986-2020 Xilinx, Inc. All Rights Reserved.
-----------------------------------------------------------------------------------------------------------------------------------------------------------------
| Tool Version : Vivado v.2020.2 (win64) Build 3064766 Wed Nov 18 09:12:45 MST 2020
| Date         : Thu Oct  1 19:59:21 2026
| Host         : DESKTOP-7CFQ9ND running 64-bit major release  (build 9200)
| Command      : report_methodology -file top_rv32i_methodology_drc_routed.rpt -pb top_rv32i_methodology_drc_routed.pb -rpx top_rv32i_methodology_drc_routed.rpx
| Design       : top_rv32i
| Device       : xc7a35tcpg236-1
| Speed File   : -1
| Design State : Fully Routed
-----------------------------------------------------------------------------------------------------------------------------------------------------------------

Report Methodology

Table of Contents
-----------------
1. REPORT SUMMARY
2. REPORT DETAILS

1. REPORT SUMMARY
-----------------
            Netlist: netlist
          Floorplan: design_1
      Design limits: <entire design considered>
             Max violations: <unlimited>
             Violations found: 149
+-----------+----------+-------------------------------+------------+
| Rule      | Severity | Description                   | Violations |
+-----------+----------+-------------------------------+------------+
| TIMING-16 | Warning  | Large setup violation         | 141        |
| TIMING-18 | Warning  | Missing input or output delay | 8          |
+-----------+----------+-------------------------------+------------+

2. REPORT DETAILS
-----------------
TIMING-16#1 Warning
Large setup violation  
There is a large setup violation of -1.072 ns between g0_b0_i_1_replica_1/C (clocked by sys_clk_pin) and U_RV32I_CPU/U_CONTROL_UNIT/U_PROGRAM_COUNTER/c_addr_reg[20]/D (clocked by sys_clk_pin). Large setup violations at the end of those stages might be difficult to fix during the post-placement implementation flow and could be the result of non-optimal XDC constraints or non-optimal design architecture
Related violations: <none>

TIMING-16#2 Warning
Large setup violation  
There is a large setup violation of -1.093 ns between g0_b0_i_1_replica_1/C (clocked by sys_clk_pin) and U_RV32I_CPU/U_CONTROL_UNIT/U_PROGRAM_COUNTER/c_addr_reg[18]/D (clocked by sys_clk_pin). Large setup violations at the end of those stages might be difficult to fix during the post-placement implementation flow and could be the result of non-optimal XDC constraints or non-optimal design architecture
Related violations: <none>

TIMING-16#3 Warning
Large setup violation  
There is a large setup violation of -1.096 ns between g0_b0_i_1_replica_1/C (clocked by sys_clk_pin) and U_RV32I_CPU/U_CONTROL_UNIT/U_PROGRAM_COUNTER/c_addr_reg[21]/D (clocked by sys_clk_pin). Large setup violations at the end of those stages might be difficult to fix during the post-placement implementation flow and could be the result of non-optimal XDC constraints or non-optimal design architecture
Related violations: <none>

TIMING-16#4 Warning
Large setup violation  
There is a large setup violation of -1.112 ns between g0_b0_i_1_replica_1/C (clocked by sys_clk_pin) and U_RV32I_CPU/U_CONTROL_UNIT/U_PROGRAM_COUNTER/c_addr_reg[23]/D (clocked by sys_clk_pin). Large setup violations at the end of those stages might be difficult to fix during the post-placement implementation flow and could be the result of non-optimal XDC constraints or non-optimal design architecture
Related violations: <none>

TIMING-16#5 Warning
Large setup violation  
There is a large setup violation of -1.186 ns between g0_b0_i_1_replica_1/C (clocked by sys_clk_pin) and U_RV32I_CPU/U_CONTROL_UNIT/U_PROGRAM_COUNTER/c_addr_reg[24]/D (clocked by sys_clk_pin). Large setup violations at the end of those stages might be difficult to fix during the post-placement implementation flow and could be the result of non-optimal XDC constraints or non-optimal design architecture
Related violations: <none>

TIMING-16#6 Warning
Large setup violation  
There is a large setup violation of -1.207 ns between g0_b0_i_1_replica_1/C (clocked by sys_clk_pin) and U_RV32I_CPU/U_CONTROL_UNIT/U_PROGRAM_COUNTER/c_addr_reg[22]/D (clocked by sys_clk_pin). Large setup violations at the end of those stages might be difficult to fix during the post-placement implementation flow and could be the result of non-optimal XDC constraints or non-optimal design architecture
Related violations: <none>

TIMING-16#7 Warning
Large setup violation  
There is a large setup violation of -1.209 ns between g0_b0_i_1_replica_1/C (clocked by sys_clk_pin) and U_RV32I_CPU/U_CONTROL_UNIT/U_PROGRAM_COUNTER/c_addr_reg[25]/D (clocked by sys_clk_pin). Large setup violations at the end of those stages might be difficult to fix during the post-placement implementation flow and could be the result of non-optimal XDC constraints or non-optimal design architecture
Related violations: <none>

TIMING-16#8 Warning
Large setup violation  
There is a large setup violation of -1.225 ns between g0_b0_i_1_replica_1/C (clocked by sys_clk_pin) and U_RV32I_CPU/U_CONTROL_UNIT/U_PROGRAM_COUNTER/c_addr_reg[27]/D (clocked by sys_clk_pin). Large setup violations at the end of those stages might be difficult to fix during the post-placement implementation flow and could be the result of non-optimal XDC constraints or non-optimal design architecture
Related violations: <none>

TIMING-16#9 Warning
Large setup violation  
There is a large setup violation of -1.299 ns between g0_b0_i_1_replica_1/C (clocked by sys_clk_pin) and U_RV32I_CPU/U_CONTROL_UNIT/U_PROGRAM_COUNTER/c_addr_reg[28]/D (clocked by sys_clk_pin). Large setup violations at the end of those stages might be difficult to fix during the post-placement implementation flow and could be the result of non-optimal XDC constraints or non-optimal design architecture
Related violations: <none>

TIMING-16#10 Warning
Large setup violation  
There is a large setup violation of -1.320 ns between g0_b0_i_1_replica_1/C (clocked by sys_clk_pin) and U_RV32I_CPU/U_CONTROL_UNIT/U_PROGRAM_COUNTER/c_addr_reg[26]/D (clocked by sys_clk_pin). Large setup violations at the end of those stages might be difficult to fix during the post-placement implementation flow and could be the result of non-optimal XDC constraints or non-optimal design architecture
Related violations: <none>

TIMING-16#11 Warning
Large setup violation  
There is a large setup violation of -1.323 ns between g0_b0_i_1_replica_1/C (clocked by sys_clk_pin) and U_RV32I_CPU/U_CONTROL_UNIT/U_PROGRAM_COUNTER/c_addr_reg[29]/D (clocked by sys_clk_pin). Large setup violations at the end of those stages might be difficult to fix during the post-placement implementation flow and could be the result of non-optimal XDC constraints or non-optimal design architecture
Related violations: <none>

TIMING-16#12 Warning
Large setup violation  
There is a large setup violation of -1.339 ns between g0_b0_i_1_replica_1/C (clocked by sys_clk_pin) and U_RV32I_CPU/U_CONTROL_UNIT/U_PROGRAM_COUNTER/c_addr_reg[31]/D (clocked by sys_clk_pin). Large setup violations at the end of those stages might be difficult to fix during the post-placement implementation flow and could be the result of non-optimal XDC constraints or non-optimal design architecture
Related violations: <none>

TIMING-16#13 Warning
Large setup violation  
There is a large setup violation of -1.434 ns between g0_b0_i_1_replica_1/C (clocked by sys_clk_pin) and U_RV32I_CPU/U_CONTROL_UNIT/U_PROGRAM_COUNTER/c_addr_reg[30]/D (clocked by sys_clk_pin). Large setup violations at the end of those stages might be difficult to fix during the post-placement implementation flow and could be the result of non-optimal XDC constraints or non-optimal design architecture
Related violations: <none>

TIMING-16#14 Warning
Large setup violation  
There is a large setup violation of -2.255 ns between g0_b0_i_1/C (clocked by sys_clk_pin) and U_DATA_RAM/d_ram_reg_0_127_13_13/LOW/I (clocked by sys_clk_pin). Large setup violations at the end of those stages might be difficult to fix during the post-placement implementation flow and could be the result of non-optimal XDC constraints or non-optimal design architecture
Related violations: <none>

TIMING-16#15 Warning
Large setup violation  
There is a large setup violation of -2.303 ns between g0_b0_i_5/C (clocked by sys_clk_pin) and U_DATA_RAM/d_ram_reg_0_127_8_8/LOW/I (clocked by sys_clk_pin). Large setup violations at the end of those stages might be difficult to fix during the post-placement implementation flow and could be the result of non-optimal XDC constraints or non-optimal design architecture
Related violations: <none>

TIMING-16#16 Warning
Large setup violation  
There is a large setup violation of -2.348 ns between g0_b0_i_1/C (clocked by sys_clk_pin) and U_DATA_RAM/d_ram_reg_0_127_25_25/LOW/I (clocked by sys_clk_pin). Large setup violations at the end of those stages might be difficult to fix during the post-placement implementation flow and could be the result of non-optimal XDC constraints or non-optimal design architecture
Related violations: <none>

TIMING-16#17 Warning
Large setup violation  
There is a large setup violation of -2.402 ns between g0_b0_i_1/C (clocked by sys_clk_pin) and U_DATA_RAM/d_ram_reg_0_127_14_14/LOW/I (clocked by sys_clk_pin). Large setup violations at the end of those stages might be difficult to fix during the post-placement implementation flow and could be the result of non-optimal XDC constraints or non-optimal design architecture
Related violations: <none>

TIMING-16#18 Warning
Large setup violation  
There is a large setup violation of -2.413 ns between g0_b0_i_1/C (clocked by sys_clk_pin) and U_DATA_RAM/d_ram_reg_0_127_24_24/LOW/I (clocked by sys_clk_pin). Large setup violations at the end of those stages might be difficult to fix during the post-placement implementation flow and could be the result of non-optimal XDC constraints or non-optimal design architecture
Related violations: <none>

TIMING-16#19 Warning
Large setup violation  
There is a large setup violation of -2.432 ns between g0_b0_i_1/C (clocked by sys_clk_pin) and U_DATA_RAM/d_ram_reg_0_127_1_1/LOW/I (clocked by sys_clk_pin). Large setup violations at the end of those stages might be difficult to fix during the post-placement implementation flow and could be the result of non-optimal XDC constraints or non-optimal design architecture
Related violations: <none>

TIMING-16#20 Warning
Large setup violation  
There is a large setup violation of -2.473 ns between g0_b0_i_1/C (clocked by sys_clk_pin) and U_DATA_RAM/d_ram_reg_0_127_12_12/LOW/I (clocked by sys_clk_pin). Large setup violations at the end of those stages might be difficult to fix during the post-placement implementation flow and could be the result of non-optimal XDC constraints or non-optimal design architecture
Related violations: <none>

TIMING-16#21 Warning
Large setup violation  
There is a large setup violation of -2.493 ns between g0_b0_i_1/C (clocked by sys_clk_pin) and U_DATA_RAM/d_ram_reg_0_127_2_2/LOW/I (clocked by sys_clk_pin). Large setup violations at the end of those stages might be difficult to fix during the post-placement implementation flow and could be the result of non-optimal XDC constraints or non-optimal design architecture
Related violations: <none>

TIMING-16#22 Warning
Large setup violation  
There is a large setup violation of -2.509 ns between g0_b0_i_1/C (clocked by sys_clk_pin) and U_DATA_RAM/d_ram_reg_0_127_13_13/HIGH/I (clocked by sys_clk_pin). Large setup violations at the end of those stages might be difficult to fix during the post-placement implementation flow and could be the result of non-optimal XDC constraints or non-optimal design architecture
Related violations: <none>

TIMING-16#23 Warning
Large setup violation  
There is a large setup violation of -2.515 ns between g0_b0_i_5/C (clocked by sys_clk_pin) and U_DATA_RAM/d_ram_reg_0_127_0_0/LOW/I (clocked by sys_clk_pin). Large setup violations at the end of those stages might be difficult to fix during the post-placement implementation flow and could be the result of non-optimal XDC constraints or non-optimal design architecture
Related violations: <none>

TIMING-16#24 Warning
Large setup violation  
There is a large setup violation of -2.551 ns between g0_b0_i_1/C (clocked by sys_clk_pin) and U_DATA_RAM/d_ram_reg_0_127_16_16/LOW/I (clocked by sys_clk_pin). Large setup violations at the end of those stages might be difficult to fix during the post-placement implementation flow and could be the result of non-optimal XDC constraints or non-optimal design architecture
Related violations: <none>

TIMING-16#25 Warning
Large setup violation  
There is a large setup violation of -2.552 ns between g0_b0_i_1/C (clocked by sys_clk_pin) and U_DATA_RAM/d_ram_reg_0_127_31_31/LOW/I (clocked by sys_clk_pin). Large setup violations at the end of those stages might be difficult to fix during the post-placement implementation flow and could be the result of non-optimal XDC constraints or non-optimal design architecture
Related violations: <none>

TIMING-16#26 Warning
Large setup violation  
There is a large setup violation of -2.557 ns between g0_b0_i_5/C (clocked by sys_clk_pin) and U_DATA_RAM/d_ram_reg_0_127_8_8/HIGH/I (clocked by sys_clk_pin). Large setup violations at the end of those stages might be difficult to fix during the post-placement implementation flow and could be the result of non-optimal XDC constraints or non-optimal design architecture
Related violations: <none>

TIMING-16#27 Warning
Large setup violation  
There is a large setup violation of -2.580 ns between g0_b0_i_5/C (clocked by sys_clk_pin) and U_DATA_RAM/d_ram_reg_0_127_27_27/LOW/I (clocked by sys_clk_pin). Large setup violations at the end of those stages might be difficult to fix during the post-placement implementation flow and could be the result of non-optimal XDC constraints or non-optimal design architecture
Related violations: <none>

TIMING-16#28 Warning
Large setup violation  
There is a large setup violation of -2.581 ns between g0_b0_i_4/C (clocked by sys_clk_pin) and U_DATA_RAM/d_ram_reg_0_127_29_29/LOW/I (clocked by sys_clk_pin). Large setup violations at the end of those stages might be difficult to fix during the post-placement implementation flow and could be the result of non-optimal XDC constraints or non-optimal design architecture
Related violations: <none>

TIMING-16#29 Warning
Large setup violation  
There is a large setup violation of -2.628 ns between g0_b0_i_1/C (clocked by sys_clk_pin) and U_DATA_RAM/d_ram_reg_0_127_23_23/LOW/I (clocked by sys_clk_pin). Large setup violations at the end of those stages might be difficult to fix during the post-placement implementation flow and could be the result of non-optimal XDC constraints or non-optimal design architecture
Related violations: <none>

TIMING-16#30 Warning
Large setup violation  
There is a large setup violation of -2.635 ns between g0_b0_i_1/C (clocked by sys_clk_pin) and U_DATA_RAM/d_ram_reg_0_127_25_25/HIGH/I (clocked by sys_clk_pin). Large setup violations at the end of those stages might be difficult to fix during the post-placement implementation flow and could be the result of non-optimal XDC constraints or non-optimal design architecture
Related violations: <none>

TIMING-16#31 Warning
Large setup violation  
There is a large setup violation of -2.665 ns between g0_b0_i_5/C (clocked by sys_clk_pin) and U_DATA_RAM/d_ram_reg_0_127_19_19/LOW/I (clocked by sys_clk_pin). Large setup violations at the end of those stages might be difficult to fix during the post-placement implementation flow and could be the result of non-optimal XDC constraints or non-optimal design architecture
Related violations: <none>

TIMING-16#32 Warning
Large setup violation  
There is a large setup violation of -2.667 ns between g0_b0_i_1/C (clocked by sys_clk_pin) and U_DATA_RAM/d_ram_reg_0_127_24_24/HIGH/I (clocked by sys_clk_pin). Large setup violations at the end of those stages might be difficult to fix during the post-placement implementation flow and could be the result of non-optimal XDC constraints or non-optimal design architecture
Related violations: <none>

TIMING-16#33 Warning
Large setup violation  
There is a large setup violation of -2.674 ns between g0_b0_i_1/C (clocked by sys_clk_pin) and U_DATA_RAM/d_ram_reg_0_127_17_17/LOW/I (clocked by sys_clk_pin). Large setup violations at the end of those stages might be difficult to fix during the post-placement implementation flow and could be the result of non-optimal XDC constraints or non-optimal design architecture
Related violations: <none>

TIMING-16#34 Warning
Large setup violation  
There is a large setup violation of -2.675 ns between g0_b0_i_1/C (clocked by sys_clk_pin) and U_DATA_RAM/d_ram_reg_0_127_30_30/LOW/I (clocked by sys_clk_pin). Large setup violations at the end of those stages might be difficult to fix during the post-placement implementation flow and could be the result of non-optimal XDC constraints or non-optimal design architecture
Related violations: <none>

TIMING-16#35 Warning
Large setup violation  
There is a large setup violation of -2.689 ns between g0_b0_i_1/C (clocked by sys_clk_pin) and U_DATA_RAM/d_ram_reg_0_127_14_14/HIGH/I (clocked by sys_clk_pin). Large setup violations at the end of those stages might be difficult to fix during the post-placement implementation flow and could be the result of non-optimal XDC constraints or non-optimal design architecture
Related violations: <none>

TIMING-16#36 Warning
Large setup violation  
There is a large setup violation of -2.690 ns between g0_b0_i_1/C (clocked by sys_clk_pin) and U_DATA_RAM/d_ram_reg_0_127_18_18/LOW/I (clocked by sys_clk_pin). Large setup violations at the end of those stages might be difficult to fix during the post-placement implementation flow and could be the result of non-optimal XDC constraints or non-optimal design architecture
Related violations: <none>

TIMING-16#37 Warning
Large setup violation  
There is a large setup violation of -2.691 ns between g0_b0_i_5/C (clocked by sys_clk_pin) and U_DATA_RAM/d_ram_reg_0_127_20_20/LOW/I (clocked by sys_clk_pin). Large setup violations at the end of those stages might be difficult to fix during the post-placement implementation flow and could be the result of non-optimal XDC constraints or non-optimal design architecture
Related violations: <none>

TIMING-16#38 Warning
Large setup violation  
There is a large setup violation of -2.700 ns between g0_b0_i_1/C (clocked by sys_clk_pin) and U_DATA_RAM/d_ram_reg_0_127_4_4/LOW/I (clocked by sys_clk_pin). Large setup violations at the end of those stages might be difficult to fix during the post-placement implementation flow and could be the result of non-optimal XDC constraints or non-optimal design architecture
Related violations: <none>

TIMING-16#39 Warning
Large setup violation  
There is a large setup violation of -2.702 ns between g0_b0_i_1/C (clocked by sys_clk_pin) and U_DATA_RAM/d_ram_reg_0_127_7_7/LOW/I (clocked by sys_clk_pin). Large setup violations at the end of those stages might be difficult to fix during the post-placement implementation flow and could be the result of non-optimal XDC constraints or non-optimal design architecture
Related violations: <none>

TIMING-16#40 Warning
Large setup violation  
There is a large setup violation of -2.719 ns between g0_b0_i_1/C (clocked by sys_clk_pin) and U_DATA_RAM/d_ram_reg_0_127_1_1/HIGH/I (clocked by sys_clk_pin). Large setup violations at the end of those stages might be difficult to fix during the post-placement implementation flow and could be the result of non-optimal XDC constraints or non-optimal design architecture
Related violations: <none>

TIMING-16#41 Warning
Large setup violation  
There is a large setup violation of -2.726 ns between g0_b0_i_1/C (clocked by sys_clk_pin) and U_DATA_RAM/d_ram_reg_0_127_15_15/LOW/I (clocked by sys_clk_pin). Large setup violations at the end of those stages might be difficult to fix during the post-placement implementation flow and could be the result of non-optimal XDC constraints or non-optimal design architecture
Related violations: <none>

TIMING-16#42 Warning
Large setup violation  
There is a large setup violation of -2.747 ns between g0_b0_i_1/C (clocked by sys_clk_pin) and U_DATA_RAM/d_ram_reg_0_127_2_2/HIGH/I (clocked by sys_clk_pin). Large setup violations at the end of those stages might be difficult to fix during the post-placement implementation flow and could be the result of non-optimal XDC constraints or non-optimal design architecture
Related violations: <none>

TIMING-16#43 Warning
Large setup violation  
There is a large setup violation of -2.760 ns between g0_b0_i_1/C (clocked by sys_clk_pin) and U_DATA_RAM/d_ram_reg_0_127_12_12/HIGH/I (clocked by sys_clk_pin). Large setup violations at the end of those stages might be difficult to fix during the post-placement implementation flow and could be the result of non-optimal XDC constraints or non-optimal design architecture
Related violations: <none>

TIMING-16#44 Warning
Large setup violation  
There is a large setup violation of -2.769 ns between g0_b0_i_5/C (clocked by sys_clk_pin) and U_DATA_RAM/d_ram_reg_0_127_0_0/HIGH/I (clocked by sys_clk_pin). Large setup violations at the end of those stages might be difficult to fix during the post-placement implementation flow and could be the result of non-optimal XDC constraints or non-optimal design architecture
Related violations: <none>

TIMING-16#45 Warning
Large setup violation  
There is a large setup violation of -2.773 ns between g0_b0_i_1/C (clocked by sys_clk_pin) and U_DATA_RAM/d_ram_reg_0_127_10_10/LOW/I (clocked by sys_clk_pin). Large setup violations at the end of those stages might be difficult to fix during the post-placement implementation flow and could be the result of non-optimal XDC constraints or non-optimal design architecture
Related violations: <none>

TIMING-16#46 Warning
Large setup violation  
There is a large setup violation of -2.788 ns between g0_b0_i_1/C (clocked by sys_clk_pin) and U_DATA_RAM/d_ram_reg_0_127_26_26/LOW/I (clocked by sys_clk_pin). Large setup violations at the end of those stages might be difficult to fix during the post-placement implementation flow and could be the result of non-optimal XDC constraints or non-optimal design architecture
Related violations: <none>

TIMING-16#47 Warning
Large setup violation  
There is a large setup violation of -2.802 ns between g0_b0_i_1/C (clocked by sys_clk_pin) and U_DATA_RAM/d_ram_reg_0_127_28_28/LOW/I (clocked by sys_clk_pin). Large setup violations at the end of those stages might be difficult to fix during the post-placement implementation flow and could be the result of non-optimal XDC constraints or non-optimal design architecture
Related violations: <none>

TIMING-16#48 Warning
Large setup violation  
There is a large setup violation of -2.806 ns between g0_b0_i_1/C (clocked by sys_clk_pin) and U_DATA_RAM/d_ram_reg_0_127_31_31/HIGH/I (clocked by sys_clk_pin). Large setup violations at the end of those stages might be difficult to fix during the post-placement implementation flow and could be the result of non-optimal XDC constraints or non-optimal design architecture
Related violations: <none>

TIMING-16#49 Warning
Large setup violation  
There is a large setup violation of -2.821 ns between g0_b0_i_1/C (clocked by sys_clk_pin) and U_DATA_RAM/d_ram_reg_0_127_3_3/LOW/I (clocked by sys_clk_pin). Large setup violations at the end of those stages might be difficult to fix during the post-placement implementation flow and could be the result of non-optimal XDC constraints or non-optimal design architecture
Related violations: <none>

TIMING-16#50 Warning
Large setup violation  
There is a large setup violation of -2.828 ns between g0_b0_i_5/C (clocked by sys_clk_pin) and U_DATA_RAM/d_ram_reg_0_127_5_5/LOW/I (clocked by sys_clk_pin). Large setup violations at the end of those stages might be difficult to fix during the post-placement implementation flow and could be the result of non-optimal XDC constraints or non-optimal design architecture
Related violations: <none>

TIMING-16#51 Warning
Large setup violation  
There is a large setup violation of -2.838 ns between g0_b0_i_1/C (clocked by sys_clk_pin) and U_DATA_RAM/d_ram_reg_0_127_16_16/HIGH/I (clocked by sys_clk_pin). Large setup violations at the end of those stages might be difficult to fix during the post-placement implementation flow and could be the result of non-optimal XDC constraints or non-optimal design architecture
Related violations: <none>

TIMING-16#52 Warning
Large setup violation  
There is a large setup violation of -2.867 ns between g0_b0_i_5/C (clocked by sys_clk_pin) and U_DATA_RAM/d_ram_reg_0_127_27_27/HIGH/I (clocked by sys_clk_pin). Large setup violations at the end of those stages might be difficult to fix during the post-placement implementation flow and could be the result of non-optimal XDC constraints or non-optimal design architecture
Related violations: <none>

TIMING-16#53 Warning
Large setup violation  
There is a large setup violation of -2.868 ns between g0_b0_i_4/C (clocked by sys_clk_pin) and U_DATA_RAM/d_ram_reg_0_127_29_29/HIGH/I (clocked by sys_clk_pin). Large setup violations at the end of those stages might be difficult to fix during the post-placement implementation flow and could be the result of non-optimal XDC constraints or non-optimal design architecture
Related violations: <none>

TIMING-16#54 Warning
Large setup violation  
There is a large setup violation of -2.905 ns between g0_b0_i_1/C (clocked by sys_clk_pin) and U_DATA_RAM/d_ram_reg_0_127_6_6/LOW/I (clocked by sys_clk_pin). Large setup violations at the end of those stages might be difficult to fix during the post-placement implementation flow and could be the result of non-optimal XDC constraints or non-optimal design architecture
Related violations: <none>

TIMING-16#55 Warning
Large setup violation  
There is a large setup violation of -2.915 ns between g0_b0_i_1/C (clocked by sys_clk_pin) and U_DATA_RAM/d_ram_reg_0_127_23_23/HIGH/I (clocked by sys_clk_pin). Large setup violations at the end of those stages might be difficult to fix during the post-placement implementation flow and could be the result of non-optimal XDC constraints or non-optimal design architecture
Related violations: <none>

TIMING-16#56 Warning
Large setup violation  
There is a large setup violation of -2.919 ns between g0_b0_i_5/C (clocked by sys_clk_pin) and U_DATA_RAM/d_ram_reg_0_127_19_19/HIGH/I (clocked by sys_clk_pin). Large setup violations at the end of those stages might be difficult to fix during the post-placement implementation flow and could be the result of non-optimal XDC constraints or non-optimal design architecture
Related violations: <none>

TIMING-16#57 Warning
Large setup violation  
There is a large setup violation of -2.921 ns between g0_b0_i_1/C (clocked by sys_clk_pin) and U_DATA_RAM/d_ram_reg_0_127_11_11/LOW/I (clocked by sys_clk_pin). Large setup violations at the end of those stages might be difficult to fix during the post-placement implementation flow and could be the result of non-optimal XDC constraints or non-optimal design architecture
Related violations: <none>

TIMING-16#58 Warning
Large setup violation  
There is a large setup violation of -2.928 ns between g0_b0_i_1/C (clocked by sys_clk_pin) and U_DATA_RAM/d_ram_reg_0_127_17_17/HIGH/I (clocked by sys_clk_pin). Large setup violations at the end of those stages might be difficult to fix during the post-placement implementation flow and could be the result of non-optimal XDC constraints or non-optimal design architecture
Related violations: <none>

TIMING-16#59 Warning
Large setup violation  
There is a large setup violation of -2.945 ns between g0_b0_i_5/C (clocked by sys_clk_pin) and U_DATA_RAM/d_ram_reg_0_127_20_20/HIGH/I (clocked by sys_clk_pin). Large setup violations at the end of those stages might be difficult to fix during the post-placement implementation flow and could be the result of non-optimal XDC constraints or non-optimal design architecture
Related violations: <none>

TIMING-16#60 Warning
Large setup violation  
There is a large setup violation of -2.954 ns between g0_b0_i_1/C (clocked by sys_clk_pin) and U_DATA_RAM/d_ram_reg_0_127_4_4/HIGH/I (clocked by sys_clk_pin). Large setup violations at the end of those stages might be difficult to fix during the post-placement implementation flow and could be the result of non-optimal XDC constraints or non-optimal design architecture
Related violations: <none>

TIMING-16#61 Warning
Large setup violation  
There is a large setup violation of -2.962 ns between g0_b0_i_1/C (clocked by sys_clk_pin) and U_DATA_RAM/d_ram_reg_0_127_30_30/HIGH/I (clocked by sys_clk_pin). Large setup violations at the end of those stages might be difficult to fix during the post-placement implementation flow and could be the result of non-optimal XDC constraints or non-optimal design architecture
Related violations: <none>

TIMING-16#62 Warning
Large setup violation  
There is a large setup violation of -2.977 ns between g0_b0_i_1/C (clocked by sys_clk_pin) and U_DATA_RAM/d_ram_reg_0_127_18_18/HIGH/I (clocked by sys_clk_pin). Large setup violations at the end of those stages might be difficult to fix during the post-placement implementation flow and could be the result of non-optimal XDC constraints or non-optimal design architecture
Related violations: <none>

TIMING-16#63 Warning
Large setup violation  
There is a large setup violation of -2.980 ns between g0_b0_i_1/C (clocked by sys_clk_pin) and U_DATA_RAM/d_ram_reg_0_127_15_15/HIGH/I (clocked by sys_clk_pin). Large setup violations at the end of those stages might be difficult to fix during the post-placement implementation flow and could be the result of non-optimal XDC constraints or non-optimal design architecture
Related violations: <none>

TIMING-16#64 Warning
Large setup violation  
There is a large setup violation of -2.985 ns between g0_b0_i_1/C (clocked by sys_clk_pin) and U_DATA_RAM/d_ram_reg_0_127_22_22/LOW/I (clocked by sys_clk_pin). Large setup violations at the end of those stages might be difficult to fix during the post-placement implementation flow and could be the result of non-optimal XDC constraints or non-optimal design architecture
Related violations: <none>

TIMING-16#65 Warning
Large setup violation  
There is a large setup violation of -2.989 ns between g0_b0_i_1/C (clocked by sys_clk_pin) and U_DATA_RAM/d_ram_reg_0_127_7_7/HIGH/I (clocked by sys_clk_pin). Large setup violations at the end of those stages might be difficult to fix during the post-placement implementation flow and could be the result of non-optimal XDC constraints or non-optimal design architecture
Related violations: <none>

TIMING-16#66 Warning
Large setup violation  
There is a large setup violation of -2.997 ns between g0_b0_i_1/C (clocked by sys_clk_pin) and U_RV32I_CPU/U_DATAPAHT/U_REG_FILE/ram_file_reg_r1_0_31_0_5/RAMB_D1/I (clocked by sys_clk_pin). Large setup violations at the end of those stages might be difficult to fix during the post-placement implementation flow and could be the result of non-optimal XDC constraints or non-optimal design architecture
Related violations: <none>

TIMING-16#67 Warning
Large setup violation  
There is a large setup violation of -3.012 ns between g0_b0_i_1/C (clocked by sys_clk_pin) and U_RV32I_CPU/U_DATAPAHT/U_REG_FILE/ram_file_reg_r1_0_31_18_23/RAMB/I (clocked by sys_clk_pin). Large setup violations at the end of those stages might be difficult to fix during the post-placement implementation flow and could be the result of non-optimal XDC constraints or non-optimal design architecture
Related violations: <none>

TIMING-16#68 Warning
Large setup violation  
There is a large setup violation of -3.042 ns between g0_b0_i_1/C (clocked by sys_clk_pin) and U_DATA_RAM/d_ram_reg_0_127_26_26/HIGH/I (clocked by sys_clk_pin). Large setup violations at the end of those stages might be difficult to fix during the post-placement implementation flow and could be the result of non-optimal XDC constraints or non-optimal design architecture
Related violations: <none>

TIMING-16#69 Warning
Large setup violation  
There is a large setup violation of -3.048 ns between g0_b0_i_1/C (clocked by sys_clk_pin) and U_DATA_RAM/d_ram_reg_0_127_21_21/LOW/I (clocked by sys_clk_pin). Large setup violations at the end of those stages might be difficult to fix during the post-placement implementation flow and could be the result of non-optimal XDC constraints or non-optimal design architecture
Related violations: <none>

TIMING-16#70 Warning
Large setup violation  
There is a large setup violation of -3.056 ns between g0_b0_i_1/C (clocked by sys_clk_pin) and U_DATA_RAM/d_ram_reg_0_127_28_28/HIGH/I (clocked by sys_clk_pin). Large setup violations at the end of those stages might be difficult to fix during the post-placement implementation flow and could be the result of non-optimal XDC constraints or non-optimal design architecture
Related violations: <none>

TIMING-16#71 Warning
Large setup violation  
There is a large setup violation of -3.060 ns between g0_b0_i_1/C (clocked by sys_clk_pin) and U_DATA_RAM/d_ram_reg_0_127_10_10/HIGH/I (clocked by sys_clk_pin). Large setup violations at the end of those stages might be difficult to fix during the post-placement implementation flow and could be the result of non-optimal XDC constraints or non-optimal design architecture
Related violations: <none>

TIMING-16#72 Warning
Large setup violation  
There is a large setup violation of -3.090 ns between g0_b0_i_1/C (clocked by sys_clk_pin) and U_RV32I_CPU/U_DATAPAHT/U_REG_FILE/ram_file_reg_r2_0_31_18_23/RAMC/I (clocked by sys_clk_pin). Large setup violations at the end of those stages might be difficult to fix during the post-placement implementation flow and could be the result of non-optimal XDC constraints or non-optimal design architecture
Related violations: <none>

TIMING-16#73 Warning
Large setup violation  
There is a large setup violation of -3.092 ns between g0_b0_i_5/C (clocked by sys_clk_pin) and U_DATA_RAM/d_ram_reg_0_127_9_9/LOW/I (clocked by sys_clk_pin). Large setup violations at the end of those stages might be difficult to fix during the post-placement implementation flow and could be the result of non-optimal XDC constraints or non-optimal design architecture
Related violations: <none>

TIMING-16#74 Warning
Large setup violation  
There is a large setup violation of -3.098 ns between g0_b0_i_1/C (clocked by sys_clk_pin) and U_RV32I_CPU/U_DATAPAHT/U_REG_FILE/ram_file_reg_r2_0_31_24_29/RAMB_D1/I (clocked by sys_clk_pin). Large setup violations at the end of those stages might be difficult to fix during the post-placement implementation flow and could be the result of non-optimal XDC constraints or non-optimal design architecture
Related violations: <none>

TIMING-16#75 Warning
Large setup violation  
There is a large setup violation of -3.108 ns between g0_b0_i_1/C (clocked by sys_clk_pin) and U_DATA_RAM/d_ram_reg_0_127_3_3/HIGH/I (clocked by sys_clk_pin). Large setup violations at the end of those stages might be difficult to fix during the post-placement implementation flow and could be the result of non-optimal XDC constraints or non-optimal design architecture
Related violations: <none>

TIMING-16#76 Warning
Large setup violation  
There is a large setup violation of -3.115 ns between g0_b0_i_5/C (clocked by sys_clk_pin) and U_DATA_RAM/d_ram_reg_0_127_5_5/HIGH/I (clocked by sys_clk_pin). Large setup violations at the end of those stages might be difficult to fix during the post-placement implementation flow and could be the result of non-optimal XDC constraints or non-optimal design architecture
Related violations: <none>

TIMING-16#77 Warning
Large setup violation  
There is a large setup violation of -3.127 ns between g0_b0_i_1/C (clocked by sys_clk_pin) and U_RV32I_CPU/U_DATAPAHT/U_REG_FILE/ram_file_reg_r1_0_31_24_29/RAMC/I (clocked by sys_clk_pin). Large setup violations at the end of those stages might be difficult to fix during the post-placement implementation flow and could be the result of non-optimal XDC constraints or non-optimal design architecture
Related violations: <none>

TIMING-16#78 Warning
Large setup violation  
There is a large setup violation of -3.138 ns between g0_b0_i_1/C (clocked by sys_clk_pin) and U_RV32I_CPU/U_DATAPAHT/U_REG_FILE/ram_file_reg_r2_0_31_0_5/RAMB_D1/I (clocked by sys_clk_pin). Large setup violations at the end of those stages might be difficult to fix during the post-placement implementation flow and could be the result of non-optimal XDC constraints or non-optimal design architecture
Related violations: <none>

TIMING-16#79 Warning
Large setup violation  
There is a large setup violation of -3.159 ns between g0_b0_i_1/C (clocked by sys_clk_pin) and U_DATA_RAM/d_ram_reg_0_127_6_6/HIGH/I (clocked by sys_clk_pin). Large setup violations at the end of those stages might be difficult to fix during the post-placement implementation flow and could be the result of non-optimal XDC constraints or non-optimal design architecture
Related violations: <none>

TIMING-16#80 Warning
Large setup violation  
There is a large setup violation of -3.175 ns between g0_b0_i_1/C (clocked by sys_clk_pin) and U_DATA_RAM/d_ram_reg_0_127_11_11/HIGH/I (clocked by sys_clk_pin). Large setup violations at the end of those stages might be difficult to fix during the post-placement implementation flow and could be the result of non-optimal XDC constraints or non-optimal design architecture
Related violations: <none>

TIMING-16#81 Warning
Large setup violation  
There is a large setup violation of -3.178 ns between g0_b0_i_1/C (clocked by sys_clk_pin) and U_RV32I_CPU/U_DATAPAHT/U_REG_FILE/ram_file_reg_r2_0_31_6_11/RAMC/I (clocked by sys_clk_pin). Large setup violations at the end of those stages might be difficult to fix during the post-placement implementation flow and could be the result of non-optimal XDC constraints or non-optimal design architecture
Related violations: <none>

TIMING-16#82 Warning
Large setup violation  
There is a large setup violation of -3.189 ns between g0_b0_i_1/C (clocked by sys_clk_pin) and U_RV32I_CPU/U_DATAPAHT/U_REG_FILE/ram_file_reg_r1_0_31_18_23/RAMA_D1/I (clocked by sys_clk_pin). Large setup violations at the end of those stages might be difficult to fix during the post-placement implementation flow and could be the result of non-optimal XDC constraints or non-optimal design architecture
Related violations: <none>

TIMING-16#83 Warning
Large setup violation  
There is a large setup violation of -3.200 ns between g0_b0_i_1/C (clocked by sys_clk_pin) and U_RV32I_CPU/U_DATAPAHT/U_REG_FILE/ram_file_reg_r1_0_31_24_29/RAMB/I (clocked by sys_clk_pin). Large setup violations at the end of those stages might be difficult to fix during the post-placement implementation flow and could be the result of non-optimal XDC constraints or non-optimal design architecture
Related violations: <none>

TIMING-16#84 Warning
Large setup violation  
There is a large setup violation of -3.232 ns between g0_b0_i_1/C (clocked by sys_clk_pin) and U_RV32I_CPU/U_DATAPAHT/U_REG_FILE/ram_file_reg_r1_0_31_6_11/RAMA/I (clocked by sys_clk_pin). Large setup violations at the end of those stages might be difficult to fix during the post-placement implementation flow and could be the result of non-optimal XDC constraints or non-optimal design architecture
Related violations: <none>

TIMING-16#85 Warning
Large setup violation  
There is a large setup violation of -3.233 ns between g0_b0_i_1/C (clocked by sys_clk_pin) and U_RV32I_CPU/U_DATAPAHT/U_REG_FILE/ram_file_reg_r1_0_31_18_23/RAMC/I (clocked by sys_clk_pin). Large setup violations at the end of those stages might be difficult to fix during the post-placement implementation flow and could be the result of non-optimal XDC constraints or non-optimal design architecture
Related violations: <none>

TIMING-16#86 Warning
Large setup violation  
There is a large setup violation of -3.239 ns between g0_b0_i_1/C (clocked by sys_clk_pin) and U_DATA_RAM/d_ram_reg_0_127_22_22/HIGH/I (clocked by sys_clk_pin). Large setup violations at the end of those stages might be difficult to fix during the post-placement implementation flow and could be the result of non-optimal XDC constraints or non-optimal design architecture
Related violations: <none>

TIMING-16#87 Warning
Large setup violation  
There is a large setup violation of -3.239 ns between g0_b0_i_1/C (clocked by sys_clk_pin) and U_RV32I_CPU/U_DATAPAHT/U_REG_FILE/ram_file_reg_r1_0_31_24_29/RAMB_D1/I (clocked by sys_clk_pin). Large setup violations at the end of those stages might be difficult to fix during the post-placement implementation flow and could be the result of non-optimal XDC constraints or non-optimal design architecture
Related violations: <none>

TIMING-16#88 Warning
Large setup violation  
There is a large setup violation of -3.250 ns between g0_b0_i_1/C (clocked by sys_clk_pin) and U_RV32I_CPU/U_DATAPAHT/U_REG_FILE/ram_file_reg_r2_0_31_24_29/RAMC_D1/I (clocked by sys_clk_pin). Large setup violations at the end of those stages might be difficult to fix during the post-placement implementation flow and could be the result of non-optimal XDC constraints or non-optimal design architecture
Related violations: <none>

TIMING-16#89 Warning
Large setup violation  
There is a large setup violation of -3.258 ns between g0_b0_i_1/C (clocked by sys_clk_pin) and U_RV32I_CPU/U_DATAPAHT/U_REG_FILE/ram_file_reg_r2_0_31_30_31/RAMA_D1/I (clocked by sys_clk_pin). Large setup violations at the end of those stages might be difficult to fix during the post-placement implementation flow and could be the result of non-optimal XDC constraints or non-optimal design architecture
Related violations: <none>

TIMING-16#90 Warning
Large setup violation  
There is a large setup violation of -3.259 ns between g0_b0_i_1/C (clocked by sys_clk_pin) and U_RV32I_CPU/U_DATAPAHT/U_REG_FILE/ram_file_reg_r1_0_31_6_11/RAMC_D1/I (clocked by sys_clk_pin). Large setup violations at the end of those stages might be difficult to fix during the post-placement implementation flow and could be the result of non-optimal XDC constraints or non-optimal design architecture
Related violations: <none>

TIMING-16#91 Warning
Large setup violation  
There is a large setup violation of -3.262 ns between g0_b0_i_1/C (clocked by sys_clk_pin) and U_RV32I_CPU/U_DATAPAHT/U_REG_FILE/ram_file_reg_r1_0_31_6_11/RAMA_D1/I (clocked by sys_clk_pin). Large setup violations at the end of those stages might be difficult to fix during the post-placement implementation flow and could be the result of non-optimal XDC constraints or non-optimal design architecture
Related violations: <none>

TIMING-16#92 Warning
Large setup violation  
There is a large setup violation of -3.262 ns between g0_b0_i_1/C (clocked by sys_clk_pin) and U_RV32I_CPU/U_DATAPAHT/U_REG_FILE/ram_file_reg_r2_0_31_6_11/RAMA/I (clocked by sys_clk_pin). Large setup violations at the end of those stages might be difficult to fix during the post-placement implementation flow and could be the result of non-optimal XDC constraints or non-optimal design architecture
Related violations: <none>

TIMING-16#93 Warning
Large setup violation  
There is a large setup violation of -3.267 ns between g0_b0_i_1/C (clocked by sys_clk_pin) and U_RV32I_CPU/U_DATAPAHT/U_REG_FILE/ram_file_reg_r2_0_31_24_29/RAMC/I (clocked by sys_clk_pin). Large setup violations at the end of those stages might be difficult to fix during the post-placement implementation flow and could be the result of non-optimal XDC constraints or non-optimal design architecture
Related violations: <none>

TIMING-16#94 Warning
Large setup violation  
There is a large setup violation of -3.280 ns between g0_b0_i_1/C (clocked by sys_clk_pin) and U_RV32I_CPU/U_DATAPAHT/U_REG_FILE/ram_file_reg_r2_0_31_6_11/RAMC_D1/I (clocked by sys_clk_pin). Large setup violations at the end of those stages might be difficult to fix during the post-placement implementation flow and could be the result of non-optimal XDC constraints or non-optimal design architecture
Related violations: <none>

TIMING-16#95 Warning
Large setup violation  
There is a large setup violation of -3.286 ns between g0_b0_i_1/C (clocked by sys_clk_pin) and U_RV32I_CPU/U_DATAPAHT/U_REG_FILE/ram_file_reg_r2_0_31_0_5/RAMC/I (clocked by sys_clk_pin). Large setup violations at the end of those stages might be difficult to fix during the post-placement implementation flow and could be the result of non-optimal XDC constraints or non-optimal design architecture
Related violations: <none>

TIMING-16#96 Warning
Large setup violation  
There is a large setup violation of -3.310 ns between g0_b0_i_1/C (clocked by sys_clk_pin) and U_RV32I_CPU/U_DATAPAHT/U_REG_FILE/ram_file_reg_r1_0_31_6_11/RAMC/I (clocked by sys_clk_pin). Large setup violations at the end of those stages might be difficult to fix during the post-placement implementation flow and could be the result of non-optimal XDC constraints or non-optimal design architecture
Related violations: <none>

TIMING-16#97 Warning
Large setup violation  
There is a large setup violation of -3.311 ns between g0_b0_i_1/C (clocked by sys_clk_pin) and U_RV32I_CPU/U_DATAPAHT/U_REG_FILE/ram_file_reg_r1_0_31_6_11/RAMB/I (clocked by sys_clk_pin). Large setup violations at the end of those stages might be difficult to fix during the post-placement implementation flow and could be the result of non-optimal XDC constraints or non-optimal design architecture
Related violations: <none>

TIMING-16#98 Warning
Large setup violation  
There is a large setup violation of -3.312 ns between g0_b0_i_1/C (clocked by sys_clk_pin) and U_RV32I_CPU/U_DATAPAHT/U_REG_FILE/ram_file_reg_r1_0_31_6_11/RAMB_D1/I (clocked by sys_clk_pin). Large setup violations at the end of those stages might be difficult to fix during the post-placement implementation flow and could be the result of non-optimal XDC constraints or non-optimal design architecture
Related violations: <none>

TIMING-16#99 Warning
Large setup violation  
There is a large setup violation of -3.317 ns between g0_b0_i_5/C (clocked by sys_clk_pin) and U_RV32I_CPU/U_DATAPAHT/U_REG_FILE/ram_file_reg_r1_0_31_0_5/RAMA_D1/I (clocked by sys_clk_pin). Large setup violations at the end of those stages might be difficult to fix during the post-placement implementation flow and could be the result of non-optimal XDC constraints or non-optimal design architecture
Related violations: <none>

TIMING-16#100 Warning
Large setup violation  
There is a large setup violation of -3.317 ns between g0_b0_i_5/C (clocked by sys_clk_pin) and U_RV32I_CPU/U_DATAPAHT/U_REG_FILE/ram_file_reg_r2_0_31_0_5/RAMA_D1/I (clocked by sys_clk_pin). Large setup violations at the end of those stages might be difficult to fix during the post-placement implementation flow and could be the result of non-optimal XDC constraints or non-optimal design architecture
Related violations: <none>

TIMING-16#101 Warning
Large setup violation  
There is a large setup violation of -3.319 ns between g0_b0_i_1/C (clocked by sys_clk_pin) and U_RV32I_CPU/U_DATAPAHT/U_REG_FILE/ram_file_reg_r2_0_31_12_17/RAMC/I (clocked by sys_clk_pin). Large setup violations at the end of those stages might be difficult to fix during the post-placement implementation flow and could be the result of non-optimal XDC constraints or non-optimal design architecture
Related violations: <none>

TIMING-16#102 Warning
Large setup violation  
There is a large setup violation of -3.329 ns between g0_b0_i_1/C (clocked by sys_clk_pin) and U_RV32I_CPU/U_DATAPAHT/U_REG_FILE/ram_file_reg_r1_0_31_12_17/RAMA/I (clocked by sys_clk_pin). Large setup violations at the end of those stages might be difficult to fix during the post-placement implementation flow and could be the result of non-optimal XDC constraints or non-optimal design architecture
Related violations: <none>

TIMING-16#103 Warning
Large setup violation  
There is a large setup violation of -3.330 ns between g0_b0_i_1/C (clocked by sys_clk_pin) and U_RV32I_CPU/U_DATAPAHT/U_REG_FILE/ram_file_reg_r2_0_31_18_23/RAMB/I (clocked by sys_clk_pin). Large setup violations at the end of those stages might be difficult to fix during the post-placement implementation flow and could be the result of non-optimal XDC constraints or non-optimal design architecture
Related violations: <none>

TIMING-16#104 Warning
Large setup violation  
There is a large setup violation of -3.335 ns between g0_b0_i_1/C (clocked by sys_clk_pin) and U_DATA_RAM/d_ram_reg_0_127_21_21/HIGH/I (clocked by sys_clk_pin). Large setup violations at the end of those stages might be difficult to fix during the post-placement implementation flow and could be the result of non-optimal XDC constraints or non-optimal design architecture
Related violations: <none>

TIMING-16#105 Warning
Large setup violation  
There is a large setup violation of -3.336 ns between g0_b0_i_1/C (clocked by sys_clk_pin) and U_RV32I_CPU/U_DATAPAHT/U_REG_FILE/ram_file_reg_r2_0_31_6_11/RAMB/I (clocked by sys_clk_pin). Large setup violations at the end of those stages might be difficult to fix during the post-placement implementation flow and could be the result of non-optimal XDC constraints or non-optimal design architecture
Related violations: <none>

TIMING-16#106 Warning
Large setup violation  
There is a large setup violation of -3.354 ns between g0_b0_i_1/C (clocked by sys_clk_pin) and U_RV32I_CPU/U_DATAPAHT/U_REG_FILE/ram_file_reg_r1_0_31_0_5/RAMB/I (clocked by sys_clk_pin). Large setup violations at the end of those stages might be difficult to fix during the post-placement implementation flow and could be the result of non-optimal XDC constraints or non-optimal design architecture
Related violations: <none>

TIMING-16#107 Warning
Large setup violation  
There is a large setup violation of -3.354 ns between g0_b0_i_1/C (clocked by sys_clk_pin) and U_RV32I_CPU/U_DATAPAHT/U_REG_FILE/ram_file_reg_r2_0_31_18_23/RAMB_D1/I (clocked by sys_clk_pin). Large setup violations at the end of those stages might be difficult to fix during the post-placement implementation flow and could be the result of non-optimal XDC constraints or non-optimal design architecture
Related violations: <none>

TIMING-16#108 Warning
Large setup violation  
There is a large setup violation of -3.356 ns between g0_b0_i_1/C (clocked by sys_clk_pin) and U_RV32I_CPU/U_DATAPAHT/U_REG_FILE/ram_file_reg_r1_0_31_18_23/RAMB_D1/I (clocked by sys_clk_pin). Large setup violations at the end of those stages might be difficult to fix during the post-placement implementation flow and could be the result of non-optimal XDC constraints or non-optimal design architecture
Related violations: <none>

TIMING-16#109 Warning
Large setup violation  
There is a large setup violation of -3.357 ns between g0_b0_i_1/C (clocked by sys_clk_pin) and U_RV32I_CPU/U_DATAPAHT/U_REG_FILE/ram_file_reg_r1_0_31_0_5/RAMC_D1/I (clocked by sys_clk_pin). Large setup violations at the end of those stages might be difficult to fix during the post-placement implementation flow and could be the result of non-optimal XDC constraints or non-optimal design architecture
Related violations: <none>

TIMING-16#110 Warning
Large setup violation  
There is a large setup violation of -3.363 ns between g0_b0_i_1/C (clocked by sys_clk_pin) and U_RV32I_CPU/U_DATAPAHT/U_REG_FILE/ram_file_reg_r1_0_31_24_29/RAMA/I (clocked by sys_clk_pin). Large setup violations at the end of those stages might be difficult to fix during the post-placement implementation flow and could be the result of non-optimal XDC constraints or non-optimal design architecture
Related violations: <none>

TIMING-16#111 Warning
Large setup violation  
There is a large setup violation of -3.375 ns between g0_b0_i_1/C (clocked by sys_clk_pin) and U_RV32I_CPU/U_DATAPAHT/U_REG_FILE/ram_file_reg_r2_0_31_18_23/RAMA_D1/I (clocked by sys_clk_pin). Large setup violations at the end of those stages might be difficult to fix during the post-placement implementation flow and could be the result of non-optimal XDC constraints or non-optimal design architecture
Related violations: <none>

TIMING-16#112 Warning
Large setup violation  
There is a large setup violation of -3.379 ns between g0_b0_i_5/C (clocked by sys_clk_pin) and U_DATA_RAM/d_ram_reg_0_127_9_9/HIGH/I (clocked by sys_clk_pin). Large setup violations at the end of those stages might be difficult to fix during the post-placement implementation flow and could be the result of non-optimal XDC constraints or non-optimal design architecture
Related violations: <none>

TIMING-16#113 Warning
Large setup violation  
There is a large setup violation of -3.380 ns between g0_b0_i_1/C (clocked by sys_clk_pin) and U_RV32I_CPU/U_DATAPAHT/U_REG_FILE/ram_file_reg_r2_0_31_12_17/RAMA/I (clocked by sys_clk_pin). Large setup violations at the end of those stages might be difficult to fix during the post-placement implementation flow and could be the result of non-optimal XDC constraints or non-optimal design architecture
Related violations: <none>

TIMING-16#114 Warning
Large setup violation  
There is a large setup violation of -3.383 ns between g0_b0_i_1/C (clocked by sys_clk_pin) and U_RV32I_CPU/U_DATAPAHT/U_REG_FILE/ram_file_reg_r1_0_31_12_17/RAMA_D1/I (clocked by sys_clk_pin). Large setup violations at the end of those stages might be difficult to fix during the post-placement implementation flow and could be the result of non-optimal XDC constraints or non-optimal design architecture
Related violations: <none>

TIMING-16#115 Warning
Large setup violation  
There is a large setup violation of -3.384 ns between g0_b0_i_1/C (clocked by sys_clk_pin) and U_RV32I_CPU/U_DATAPAHT/U_REG_FILE/ram_file_reg_r1_0_31_12_17/RAMB_D1/I (clocked by sys_clk_pin). Large setup violations at the end of those stages might be difficult to fix during the post-placement implementation flow and could be the result of non-optimal XDC constraints or non-optimal design architecture
Related violations: <none>

TIMING-16#116 Warning
Large setup violation  
There is a large setup violation of -3.384 ns between g0_b0_i_1/C (clocked by sys_clk_pin) and U_RV32I_CPU/U_DATAPAHT/U_REG_FILE/ram_file_reg_r2_0_31_12_17/RAMA_D1/I (clocked by sys_clk_pin). Large setup violations at the end of those stages might be difficult to fix during the post-placement implementation flow and could be the result of non-optimal XDC constraints or non-optimal design architecture
Related violations: <none>

TIMING-16#117 Warning
Large setup violation  
There is a large setup violation of -3.385 ns between g0_b0_i_1/C (clocked by sys_clk_pin) and U_RV32I_CPU/U_DATAPAHT/U_REG_FILE/ram_file_reg_r2_0_31_12_17/RAMB_D1/I (clocked by sys_clk_pin). Large setup violations at the end of those stages might be difficult to fix during the post-placement implementation flow and could be the result of non-optimal XDC constraints or non-optimal design architecture
Related violations: <none>

TIMING-16#118 Warning
Large setup violation  
There is a large setup violation of -3.386 ns between g0_b0_i_1/C (clocked by sys_clk_pin) and U_RV32I_CPU/U_DATAPAHT/U_REG_FILE/ram_file_reg_r1_0_31_30_31/RAMA/I (clocked by sys_clk_pin). Large setup violations at the end of those stages might be difficult to fix during the post-placement implementation flow and could be the result of non-optimal XDC constraints or non-optimal design architecture
Related violations: <none>

TIMING-16#119 Warning
Large setup violation  
There is a large setup violation of -3.400 ns between g0_b0_i_1/C (clocked by sys_clk_pin) and U_RV32I_CPU/U_DATAPAHT/U_REG_FILE/ram_file_reg_r1_0_31_18_23/RAMA/I (clocked by sys_clk_pin). Large setup violations at the end of those stages might be difficult to fix during the post-placement implementation flow and could be the result of non-optimal XDC constraints or non-optimal design architecture
Related violations: <none>

TIMING-16#120 Warning
Large setup violation  
There is a large setup violation of -3.400 ns between g0_b0_i_1/C (clocked by sys_clk_pin) and U_RV32I_CPU/U_DATAPAHT/U_REG_FILE/ram_file_reg_r2_0_31_24_29/RAMB/I (clocked by sys_clk_pin). Large setup violations at the end of those stages might be difficult to fix during the post-placement implementation flow and could be the result of non-optimal XDC constraints or non-optimal design architecture
Related violations: <none>

TIMING-16#121 Warning
Large setup violation  
There is a large setup violation of -3.411 ns between g0_b0_i_1/C (clocked by sys_clk_pin) and U_RV32I_CPU/U_DATAPAHT/U_REG_FILE/ram_file_reg_r2_0_31_24_29/RAMA/I (clocked by sys_clk_pin). Large setup violations at the end of those stages might be difficult to fix during the post-placement implementation flow and could be the result of non-optimal XDC constraints or non-optimal design architecture
Related violations: <none>

TIMING-16#122 Warning
Large setup violation  
There is a large setup violation of -3.416 ns between g0_b0_i_1/C (clocked by sys_clk_pin) and U_RV32I_CPU/U_DATAPAHT/U_REG_FILE/ram_file_reg_r1_0_31_18_23/RAMC_D1/I (clocked by sys_clk_pin). Large setup violations at the end of those stages might be difficult to fix during the post-placement implementation flow and could be the result of non-optimal XDC constraints or non-optimal design architecture
Related violations: <none>

TIMING-16#123 Warning
Large setup violation  
There is a large setup violation of -3.434 ns between g0_b0_i_1/C (clocked by sys_clk_pin) and U_RV32I_CPU/U_DATAPAHT/U_REG_FILE/ram_file_reg_r1_0_31_0_5/RAMC/I (clocked by sys_clk_pin). Large setup violations at the end of those stages might be difficult to fix during the post-placement implementation flow and could be the result of non-optimal XDC constraints or non-optimal design architecture
Related violations: <none>

TIMING-16#124 Warning
Large setup violation  
There is a large setup violation of -3.459 ns between g0_b0_i_1/C (clocked by sys_clk_pin) and U_RV32I_CPU/U_DATAPAHT/U_REG_FILE/ram_file_reg_r1_0_31_12_17/RAMC/I (clocked by sys_clk_pin). Large setup violations at the end of those stages might be difficult to fix during the post-placement implementation flow and could be the result of non-optimal XDC constraints or non-optimal design architecture
Related violations: <none>

TIMING-16#125 Warning
Large setup violation  
There is a large setup violation of -3.472 ns between g0_b0_i_1/C (clocked by sys_clk_pin) and U_RV32I_CPU/U_DATAPAHT/U_REG_FILE/ram_file_reg_r2_0_31_18_23/RAMC_D1/I (clocked by sys_clk_pin). Large setup violations at the end of those stages might be difficult to fix during the post-placement implementation flow and could be the result of non-optimal XDC constraints or non-optimal design architecture
Related violations: <none>

TIMING-16#126 Warning
Large setup violation  
There is a large setup violation of -3.482 ns between g0_b0_i_1/C (clocked by sys_clk_pin) and U_RV32I_CPU/U_DATAPAHT/U_REG_FILE/ram_file_reg_r2_0_31_12_17/RAMC_D1/I (clocked by sys_clk_pin). Large setup violations at the end of those stages might be difficult to fix during the post-placement implementation flow and could be the result of non-optimal XDC constraints or non-optimal design architecture
Related violations: <none>

TIMING-16#127 Warning
Large setup violation  
There is a large setup violation of -3.521 ns between g0_b0_i_1/C (clocked by sys_clk_pin) and U_RV32I_CPU/U_DATAPAHT/U_REG_FILE/ram_file_reg_r1_0_31_24_29/RAMA_D1/I (clocked by sys_clk_pin). Large setup violations at the end of those stages might be difficult to fix during the post-placement implementation flow and could be the result of non-optimal XDC constraints or non-optimal design architecture
Related violations: <none>

TIMING-16#128 Warning
Large setup violation  
There is a large setup violation of -3.524 ns between g0_b0_i_1/C (clocked by sys_clk_pin) and U_RV32I_CPU/U_DATAPAHT/U_REG_FILE/ram_file_reg_r2_0_31_24_29/RAMA_D1/I (clocked by sys_clk_pin). Large setup violations at the end of those stages might be difficult to fix during the post-placement implementation flow and could be the result of non-optimal XDC constraints or non-optimal design architecture
Related violations: <none>

TIMING-16#129 Warning
Large setup violation  
There is a large setup violation of -3.526 ns between g0_b0_i_1/C (clocked by sys_clk_pin) and U_RV32I_CPU/U_DATAPAHT/U_REG_FILE/ram_file_reg_r2_0_31_30_31/RAMA/I (clocked by sys_clk_pin). Large setup violations at the end of those stages might be difficult to fix during the post-placement implementation flow and could be the result of non-optimal XDC constraints or non-optimal design architecture
Related violations: <none>

TIMING-16#130 Warning
Large setup violation  
There is a large setup violation of -3.535 ns between g0_b0_i_1/C (clocked by sys_clk_pin) and U_RV32I_CPU/U_DATAPAHT/U_REG_FILE/ram_file_reg_r2_0_31_0_5/RAMB/I (clocked by sys_clk_pin). Large setup violations at the end of those stages might be difficult to fix during the post-placement implementation flow and could be the result of non-optimal XDC constraints or non-optimal design architecture
Related violations: <none>

TIMING-16#131 Warning
Large setup violation  
There is a large setup violation of -3.551 ns between g0_b0_i_1/C (clocked by sys_clk_pin) and U_RV32I_CPU/U_DATAPAHT/U_REG_FILE/ram_file_reg_r1_0_31_24_29/RAMC_D1/I (clocked by sys_clk_pin). Large setup violations at the end of those stages might be difficult to fix during the post-placement implementation flow and could be the result of non-optimal XDC constraints or non-optimal design architecture
Related violations: <none>

TIMING-16#132 Warning
Large setup violation  
There is a large setup violation of -3.564 ns between g0_b0_i_1/C (clocked by sys_clk_pin) and U_RV32I_CPU/U_DATAPAHT/U_REG_FILE/ram_file_reg_r2_0_31_0_5/RAMC_D1/I (clocked by sys_clk_pin). Large setup violations at the end of those stages might be difficult to fix during the post-placement implementation flow and could be the result of non-optimal XDC constraints or non-optimal design architecture
Related violations: <none>

TIMING-16#133 Warning
Large setup violation  
There is a large setup violation of -3.566 ns between g0_b0_i_1/C (clocked by sys_clk_pin) and U_RV32I_CPU/U_DATAPAHT/U_REG_FILE/ram_file_reg_r1_0_31_30_31/RAMA_D1/I (clocked by sys_clk_pin). Large setup violations at the end of those stages might be difficult to fix during the post-placement implementation flow and could be the result of non-optimal XDC constraints or non-optimal design architecture
Related violations: <none>

TIMING-16#134 Warning
Large setup violation  
There is a large setup violation of -3.569 ns between g0_b0_i_1/C (clocked by sys_clk_pin) and U_RV32I_CPU/U_DATAPAHT/U_REG_FILE/ram_file_reg_r2_0_31_6_11/RAMA_D1/I (clocked by sys_clk_pin). Large setup violations at the end of those stages might be difficult to fix during the post-placement implementation flow and could be the result of non-optimal XDC constraints or non-optimal design architecture
Related violations: <none>

TIMING-16#135 Warning
Large setup violation  
There is a large setup violation of -3.586 ns between g0_b0_i_1/C (clocked by sys_clk_pin) and U_RV32I_CPU/U_DATAPAHT/U_REG_FILE/ram_file_reg_r2_0_31_18_23/RAMA/I (clocked by sys_clk_pin). Large setup violations at the end of those stages might be difficult to fix during the post-placement implementation flow and could be the result of non-optimal XDC constraints or non-optimal design architecture
Related violations: <none>

TIMING-16#136 Warning
Large setup violation  
There is a large setup violation of -3.601 ns between g0_b0_i_1/C (clocked by sys_clk_pin) and U_RV32I_CPU/U_DATAPAHT/U_REG_FILE/ram_file_reg_r2_0_31_6_11/RAMB_D1/I (clocked by sys_clk_pin). Large setup violations at the end of those stages might be difficult to fix during the post-placement implementation flow and could be the result of non-optimal XDC constraints or non-optimal design architecture
Related violations: <none>

TIMING-16#137 Warning
Large setup violation  
There is a large setup violation of -3.637 ns between g0_b0_i_1/C (clocked by sys_clk_pin) and U_RV32I_CPU/U_DATAPAHT/U_REG_FILE/ram_file_reg_r1_0_31_12_17/RAMC_D1/I (clocked by sys_clk_pin). Large setup violations at the end of those stages might be difficult to fix during the post-placement implementation flow and could be the result of non-optimal XDC constraints or non-optimal design architecture
Related violations: <none>

TIMING-16#138 Warning
Large setup violation  
There is a large setup violation of -3.664 ns between g0_b0_i_1/C (clocked by sys_clk_pin) and U_RV32I_CPU/U_DATAPAHT/U_REG_FILE/ram_file_reg_r2_0_31_12_17/RAMB/I (clocked by sys_clk_pin). Large setup violations at the end of those stages might be difficult to fix during the post-placement implementation flow and could be the result of non-optimal XDC constraints or non-optimal design architecture
Related violations: <none>

TIMING-16#139 Warning
Large setup violation  
There is a large setup violation of -3.677 ns between g0_b0_i_1/C (clocked by sys_clk_pin) and U_RV32I_CPU/U_DATAPAHT/U_REG_FILE/ram_file_reg_r1_0_31_0_5/RAMA/I (clocked by sys_clk_pin). Large setup violations at the end of those stages might be difficult to fix during the post-placement implementation flow and could be the result of non-optimal XDC constraints or non-optimal design architecture
Related violations: <none>

TIMING-16#140 Warning
Large setup violation  
There is a large setup violation of -3.677 ns between g0_b0_i_1/C (clocked by sys_clk_pin) and U_RV32I_CPU/U_DATAPAHT/U_REG_FILE/ram_file_reg_r2_0_31_0_5/RAMA/I (clocked by sys_clk_pin). Large setup violations at the end of those stages might be difficult to fix during the post-placement implementation flow and could be the result of non-optimal XDC constraints or non-optimal design architecture
Related violations: <none>

TIMING-16#141 Warning
Large setup violation  
There is a large setup violation of -3.693 ns between g0_b0_i_1/C (clocked by sys_clk_pin) and U_RV32I_CPU/U_DATAPAHT/U_REG_FILE/ram_file_reg_r1_0_31_12_17/RAMB/I (clocked by sys_clk_pin). Large setup violations at the end of those stages might be difficult to fix during the post-placement implementation flow and could be the result of non-optimal XDC constraints or non-optimal design architecture
Related violations: <none>

TIMING-18#1 Warning
Missing input or output delay  
An input delay is missing on i_rst_n relative to clock(s) sys_clk_pin
Related violations: <none>

TIMING-18#2 Warning
Missing input or output delay  
An output delay is missing on o_debug[0] relative to clock(s) sys_clk_pin
Related violations: <none>

TIMING-18#3 Warning
Missing input or output delay  
An output delay is missing on o_debug[1] relative to clock(s) sys_clk_pin
Related violations: <none>

TIMING-18#4 Warning
Missing input or output delay  
An output delay is missing on o_debug[2] relative to clock(s) sys_clk_pin
Related violations: <none>

TIMING-18#5 Warning
Missing input or output delay  
An output delay is missing on o_debug[3] relative to clock(s) sys_clk_pin
Related violations: <none>

TIMING-18#6 Warning
Missing input or output delay  
An output delay is missing on o_debug[4] relative to clock(s) sys_clk_pin
Related violations: <none>

TIMING-18#7 Warning
Missing input or output delay  
An output delay is missing on o_debug[5] relative to clock(s) sys_clk_pin
Related violations: <none>

TIMING-18#8 Warning
Missing input or output delay  
An output delay is missing on o_debug[6] relative to clock(s) sys_clk_pin
Related violations: <none>


