Copyright 1986-2020 Xilinx, Inc. All Rights Reserved.
--------------------------------------------------------------------------------------
| Tool Version : Vivado v.2020.2 (win64) Build 3064766 Wed Nov 18 09:12:45 MST 2020
| Date         : Mon Sep 28 03:15:00 2026
| Host         : DESKTOP-7CFQ9ND running 64-bit major release  (build 9200)
| Command      : report_control_sets -verbose -file top_rv32i_control_sets_placed.rpt
| Design       : top_rv32i
| Device       : xc7a35t
--------------------------------------------------------------------------------------

Control Set Information

Table of Contents
-----------------
1. Summary
2. Histogram
3. Flip-Flop Distribution
4. Detailed Control Set Information

1. Summary
----------

+----------------------------------------------------------+-------+
|                          Status                          | Count |
+----------------------------------------------------------+-------+
| Total control sets                                       |    37 |
|    Minimum number of control sets                        |    37 |
|    Addition due to synthesis replication                 |     0 |
|    Addition due to physical synthesis replication        |     0 |
| Unused register locations in slices containing registers |    15 |
+----------------------------------------------------------+-------+
* Control sets can be merged at opt_design using control_set_merge or merge_equivalent_drivers
** Run report_qor_suggestions for automated merging and remapping suggestions


2. Histogram
------------

+--------------------+-------+
|       Fanout       | Count |
+--------------------+-------+
| Total control sets |    37 |
| >= 0 to < 4        |     0 |
| >= 4 to < 6        |     1 |
| >= 6 to < 8        |     0 |
| >= 8 to < 10       |     0 |
| >= 10 to < 12      |     0 |
| >= 12 to < 14      |     0 |
| >= 14 to < 16      |     0 |
| >= 16              |    36 |
+--------------------+-------+
* Control sets can be remapped at either synth_design or opt_design


3. Flip-Flop Distribution
-------------------------

+--------------+-----------------------+------------------------+-----------------+--------------+
| Clock Enable | Synchronous Set/Reset | Asynchronous Set/Reset | Total Registers | Total Slices |
+--------------+-----------------------+------------------------+-----------------+--------------+
| No           | No                    | No                     |               0 |            0 |
| No           | No                    | Yes                    |               0 |            0 |
| No           | Yes                   | No                     |               4 |            2 |
| Yes          | No                    | No                     |               0 |            0 |
| Yes          | No                    | Yes                    |               0 |            0 |
| Yes          | Yes                   | No                     |            1421 |          554 |
+--------------+-----------------------+------------------------+-----------------+--------------+


4. Detailed Control Set Information
-----------------------------------

+------------------+----------------------------------------------------------------------+---------------------+------------------+----------------+--------------+
|   Clock Signal   |                             Enable Signal                            |   Set/Reset Signal  | Slice Load Count | Bel Load Count | Bels / Slice |
+------------------+----------------------------------------------------------------------+---------------------+------------------+----------------+--------------+
|  i_clk_IBUF_BUFG |                                                                      | U_RV32I_CPU/i_rst_n |                2 |              4 |         2.00 |
|  i_clk_IBUF_BUFG | U_RV32I_CPU/U_CONTROL_UNIT/U_FSM/Q[3]                                | U_RV32I_CPU/i_rst_n |                9 |             32 |         3.56 |
|  i_clk_IBUF_BUFG | U_RV32I_CPU/U_CONTROL_UNIT/U_REG_EN_WA_EX_TO_WB/o_out_reg[0]_0[0]    | U_RV32I_CPU/i_rst_n |                6 |             32 |         5.33 |
|  i_clk_IBUF_BUFG | U_RV32I_CPU/U_CONTROL_UNIT/U_REG_EN_WA_EX_TO_WB/o_out_reg[0]_5[0]    | U_RV32I_CPU/i_rst_n |                8 |             32 |         4.00 |
|  i_clk_IBUF_BUFG | U_RV32I_CPU/U_CONTROL_UNIT/U_REG_EN_WA_EX_TO_WB/o_out_reg[0]_1[0]    | U_RV32I_CPU/i_rst_n |               10 |             32 |         3.20 |
|  i_clk_IBUF_BUFG | U_RV32I_CPU/U_CONTROL_UNIT/U_REG_EN_WA_EX_TO_WB/o_out_reg[0]_12[0]   | U_RV32I_CPU/i_rst_n |                8 |             32 |         4.00 |
|  i_clk_IBUF_BUFG | U_RV32I_CPU/U_CONTROL_UNIT/U_REG_EN_WA_EX_TO_WB/o_out_reg[0]_20[0]   | U_RV32I_CPU/i_rst_n |               18 |             32 |         1.78 |
|  i_clk_IBUF_BUFG | U_RV32I_CPU/U_CONTROL_UNIT/U_REG_EN_WA_EX_TO_WB/o_out_reg[0]_17[0]   | U_RV32I_CPU/i_rst_n |               11 |             32 |         2.91 |
|  i_clk_IBUF_BUFG | U_RV32I_CPU/U_CONTROL_UNIT/U_REG_EN_WA_EX_TO_WB/o_out_reg[0]_15[0]   | U_RV32I_CPU/i_rst_n |                8 |             32 |         4.00 |
|  i_clk_IBUF_BUFG | U_RV32I_CPU/U_CONTROL_UNIT/U_REG_EN_WA_EX_TO_WB/o_out_reg[0]_21[0]   | U_RV32I_CPU/i_rst_n |               15 |             32 |         2.13 |
|  i_clk_IBUF_BUFG | U_RV32I_CPU/U_CONTROL_UNIT/U_REG_EN_WA_EX_TO_WB/o_out_reg[0]_22[0]   | U_RV32I_CPU/i_rst_n |               17 |             32 |         1.88 |
|  i_clk_IBUF_BUFG | U_RV32I_CPU/U_CONTROL_UNIT/U_REG_EN_WA_EX_TO_WB/o_out_reg[0]_28[0]   | U_RV32I_CPU/i_rst_n |               13 |             32 |         2.46 |
|  i_clk_IBUF_BUFG | U_RV32I_CPU/U_CONTROL_UNIT/U_REG_EN_WA_EX_TO_WB/o_out_reg[0]_11[0]   | U_RV32I_CPU/i_rst_n |               10 |             32 |         3.20 |
|  i_clk_IBUF_BUFG | U_RV32I_CPU/U_CONTROL_UNIT/U_REG_EN_WA_EX_TO_WB/o_out_reg[0]_18[0]   | U_RV32I_CPU/i_rst_n |                8 |             32 |         4.00 |
|  i_clk_IBUF_BUFG | U_RV32I_CPU/U_CONTROL_UNIT/U_REG_EN_WA_EX_TO_WB/o_out_reg[0]_29[0]   | U_RV32I_CPU/i_rst_n |               23 |             32 |         1.39 |
|  i_clk_IBUF_BUFG | U_RV32I_CPU/U_CONTROL_UNIT/U_REG_EN_WA_EX_TO_WB/o_out_reg[0]_19[0]   | U_RV32I_CPU/i_rst_n |               13 |             32 |         2.46 |
|  i_clk_IBUF_BUFG | U_RV32I_CPU/U_CONTROL_UNIT/U_REG_EN_WA_EX_TO_WB/o_out_reg[0]_24[0]   | U_RV32I_CPU/i_rst_n |               15 |             32 |         2.13 |
|  i_clk_IBUF_BUFG | U_RV32I_CPU/U_CONTROL_UNIT/U_REG_EN_WA_EX_TO_WB/o_out_reg[0]_26[0]   | U_RV32I_CPU/i_rst_n |               14 |             32 |         2.29 |
|  i_clk_IBUF_BUFG | U_RV32I_CPU/U_CONTROL_UNIT/U_REG_EN_WA_EX_TO_WB/o_out_reg[0]_3[0]    | U_RV32I_CPU/i_rst_n |                8 |             32 |         4.00 |
|  i_clk_IBUF_BUFG | U_RV32I_CPU/U_CONTROL_UNIT/U_REG_EN_WA_EX_TO_WB/o_out_reg[0]_14[0]   | U_RV32I_CPU/i_rst_n |               12 |             32 |         2.67 |
|  i_clk_IBUF_BUFG | U_RV32I_CPU/U_CONTROL_UNIT/U_REG_EN_WA_EX_TO_WB/o_out_reg[0]_8[0]    | U_RV32I_CPU/i_rst_n |               17 |             32 |         1.88 |
|  i_clk_IBUF_BUFG | U_RV32I_CPU/U_CONTROL_UNIT/U_REG_EN_WA_EX_TO_WB/o_out_reg[0]_16[0]   | U_RV32I_CPU/i_rst_n |                9 |             32 |         3.56 |
|  i_clk_IBUF_BUFG | U_RV32I_CPU/U_CONTROL_UNIT/U_REG_EN_WA_EX_TO_WB/o_out_reg[0]_23[0]   | U_RV32I_CPU/i_rst_n |               13 |             32 |         2.46 |
|  i_clk_IBUF_BUFG | U_RV32I_CPU/U_CONTROL_UNIT/U_REG_EN_WA_EX_TO_WB/o_out_reg[0]_25[0]   | U_RV32I_CPU/i_rst_n |               15 |             32 |         2.13 |
|  i_clk_IBUF_BUFG | U_RV32I_CPU/U_CONTROL_UNIT/U_REG_EN_WA_EX_TO_WB/o_out_reg[0]_27[0]   | U_RV32I_CPU/i_rst_n |               22 |             32 |         1.45 |
|  i_clk_IBUF_BUFG | U_RV32I_CPU/U_CONTROL_UNIT/U_REG_EN_WA_EX_TO_WB/o_out_reg[0]_30[0]   | U_RV32I_CPU/i_rst_n |               22 |             32 |         1.45 |
|  i_clk_IBUF_BUFG | U_RV32I_CPU/U_CONTROL_UNIT/U_REG_EN_WA_EX_TO_WB/o_out_reg[0]_4[0]    | U_RV32I_CPU/i_rst_n |               11 |             32 |         2.91 |
|  i_clk_IBUF_BUFG | U_RV32I_CPU/U_CONTROL_UNIT/U_REG_EN_WA_EX_TO_WB/o_out_reg[0]_13[0]   | U_RV32I_CPU/i_rst_n |               10 |             32 |         3.20 |
|  i_clk_IBUF_BUFG | U_RV32I_CPU/U_CONTROL_UNIT/U_REG_EN_WA_EX_TO_WB/o_out_reg[0]_6[0]    | U_RV32I_CPU/i_rst_n |               21 |             32 |         1.52 |
|  i_clk_IBUF_BUFG | U_RV32I_CPU/U_CONTROL_UNIT/U_REG_EN_WA_EX_TO_WB/o_out_reg[0]_10[0]   | U_RV32I_CPU/i_rst_n |               15 |             32 |         2.13 |
|  i_clk_IBUF_BUFG | U_RV32I_CPU/U_CONTROL_UNIT/U_REG_EN_WA_EX_TO_WB/o_out_reg[0]_7[0]    | U_RV32I_CPU/i_rst_n |               12 |             32 |         2.67 |
|  i_clk_IBUF_BUFG | U_RV32I_CPU/U_CONTROL_UNIT/U_REG_EN_WA_EX_TO_WB/o_out_reg[0]_9[0]    | U_RV32I_CPU/i_rst_n |               10 |             32 |         3.20 |
|  i_clk_IBUF_BUFG | U_RV32I_CPU/U_CONTROL_UNIT/U_REG_EN_WA_EX_TO_WB/o_out_reg[0]_2[0]    | U_RV32I_CPU/i_rst_n |               10 |             32 |         3.20 |
|  i_clk_IBUF_BUFG | U_RV32I_CPU/U_CONTROL_UNIT/U_FSM/Q[0]                                | U_RV32I_CPU/i_rst_n |               14 |             52 |         3.71 |
|  i_clk_IBUF_BUFG | U_RV32I_CPU/U_CONTROL_UNIT/U_REG_EN_RAM_WE_DOF_TO_EX/o_debug_OBUF[0] |                     |               16 |             64 |         4.00 |
|  i_clk_IBUF_BUFG | U_RV32I_CPU/U_CONTROL_UNIT/U_FSM/Q[2]                                | U_RV32I_CPU/i_rst_n |               65 |            166 |         2.55 |
|  i_clk_IBUF_BUFG | U_RV32I_CPU/U_CONTROL_UNIT/U_FSM/Q[1]                                | U_RV32I_CPU/i_rst_n |               62 |            179 |         2.89 |
+------------------+----------------------------------------------------------------------+---------------------+------------------+----------------+--------------+


